node.exe : file:///C:/U
sers/Safari/Downloads/a
i-ignite-hero-main/ai-i
gnite-hero-main/node_mo
dules/vitest/dist/chunk
s/cac.Cb-PYCCB.js:404
At C:\Program Files\nod
ejs\npx.ps1:29 char:3
+   & $NODE_EXE 
$NPX_CLI_JS $args
+   ~~~~~~~~~~~~~~~~~~~
~~~~~~~~~~
    + CategoryInfo     
         : NotSpecifi  
  ed: (file:///C:/Us   
 er...Cb-PYCCB.js:4    
04:String) [], Rem    
oteException
    + FullyQualifiedEr 
   rorId : NativeComm  
  andError
 
          throw new 
CACError(`Unknown 
option \`${name.length 
> 1 ? `--${name}` : 
`-${name}`}\``);
                ^

CACError: Unknown 
option `--verbose`
    at Command.checkUnk
nownOptions (file:///C:
/Users/Safari/Downloads
/ai-ignite-hero-main/ai
-ignite-hero-main/node_
modules/vitest/dist/chu
nks/cac.Cb-PYCCB.js:404
:17)
    at 
CAC.runMatchedCommand (
file:///C:/Users/Safari
/Downloads/ai-ignite-he
ro-main/ai-ignite-hero-
main/node_modules/vites
t/dist/chunks/cac.Cb-PY
CCB.js:604:13)
    at CAC.parse (file:
///C:/Users/Safari/Down
loads/ai-ignite-hero-ma
in/ai-ignite-hero-main/
node_modules/vitest/dis
t/chunks/cac.Cb-PYCCB.j
s:545:12)
    at file:///C:/Users
/Safari/Downloads/ai-ig
nite-hero-main/ai-ignit
e-hero-main/node_module
s/vitest/dist/cli.js:27
:13
    at ModuleJob.run (n
ode:internal/modules/es
m/module_job:268:25)
    at async onImport.t
racePromise.__proto__ (
node:internal/modules/e
sm/loader:543:26)
    at async asyncRunEn
tryPointWithESMLoader (
node:internal/modules/r
un_main:116:5)

Node.js v22.11.0
